--------------------------------------------------------------------------------------
Timing Analyzer Summary
--------------------------------------------------------------------------------------

Type           : Worst-case tsu
Slack          : N/A
Required Time  : None
Actual Time    : 3.828 ns
From           : write_row[1]
To             : display2[5][4]
From Clock     : --
To Clock       : load
Failed Paths   : 0

Type           : Worst-case tco
Slack          : N/A
Required Time  : None
Actual Time    : 9.909 ns
From           : A[12]~reg0
To             : A[12]
From Clock     : clk
To Clock       : --
Failed Paths   : 0

Type           : Worst-case th
Slack          : N/A
Required Time  : None
Actual Time    : 1.949 ns
From           : write_col[0]
To             : display[2][1]
From Clock     : --
To Clock       : load
Failed Paths   : 0

Type           : Clock Setup: 'clk'
Slack          : N/A
Required Time  : None
Actual Time    : 99.87 MHz ( period = 10.013 ns )
From           : col[0]
To             : col_mask2[3]
From Clock     : clk
To Clock       : clk
Failed Paths   : 0

Type           : Clock Setup: 'load'
Slack          : N/A
Required Time  : None
Actual Time    : Restricted to 304.04 MHz ( period = 3.289 ns )
From           : display2[4][6]
To             : display2[4][6]
From Clock     : load
To Clock       : load
Failed Paths   : 0

Type           : Total number of failed paths
Slack          : 
Required Time  : 
Actual Time    : 
From           : 
To             : 
From Clock     : 
To Clock       : 
Failed Paths   : 0

--------------------------------------------------------------------------------------

